[multiup.org/en/index.html]
[backblue.gif]
[fade.gif]
[index.html]
[multiup.org/cdn-cgi/apps/head/nXhst6r9TGEc5cTiEIFuUejaUMc.js]
[multiup.org/build/app.9b6659ed.css]
[multiup.org/en/login.html]
[multiup.org/en/upload/from-computer.html]
[multiup.org/en/upload/from-links.html]
[multiup.org/en/upload/from-torrent.html]
[multiup.org/en/upload/from-softwares.html]
[multiup.org/en/upload/from-api.html]
[multiup.org/en/upload/supported-hosts.html]
[multiup.org/en/debrid/link.html]
[multiup.org/en/debrid/supported-hosts.html]
[multiup.org/en/premium.html]
[multiup.org/en/contact.html]
[multiup.org/en/tutorials.html]
[multiup.org/en/faq.html]
[multiup.org/en/terms-and-conditions.html]
[multiup.org/en/legal-notices.html]
[multiup.org/en/dmca.html]
[multiup.org/en/changelog.html]
[multiup.org/en/affiliate.html]
[multiup.org/en/voucher.html]
[multiup.org/en/bug-bounty.html]
[multiup.org/cdn-cgi/scripts/5c5dd728/cloudflare-static/email-decode.min.js]
[multiup.org/en/register/index.html]
[multiup.org/build/runtime.0b137493.js]
[multiup.org/build/107.962cea53.js]
[multiup.org/build/app.01beaa02.js]
[multiup.org/assets/javascripts/theme.js]
[multiup.org/assets/javascripts/theme.custom.js]
[multiup.org/en/index.html]
[multiup.org/assets/javascripts/theme.init.js]
[multiup.org/build/images/gray_jean.ced81a01.png]
[multiup.org/build/images/arrows.e2d51ac9.png]
[multiup.org/build/images/arrows-dark.db20bcff.png]
[multiup.org/build/images/jstree.a4127efc.png]
[multiup.org/build/images/jstree-dark.791ab4b5.png]
[multiup.org/build/app.9b6659ed.css]
[multiup.org/build/images/noisy_net.08437543.png]
[multiup.org/en/resetting/request.html]
[multiup.org/en/login.html]
[multiup.org/jquery-file-upload/css/jquery.fileupload.css]
[multiup.org/jquery-file-upload/css/jquery.fileupload-ui.css]
[multiup.org/jquery-file-upload/css/jquery.fileupload-noscript.css]
[multiup.org/jquery-file-upload/css/jquery.fileupload-ui-noscript.css]
[multiup.org/en/upload/chomikuj.html]
[multiup.org/jquery-file-upload/js/vendor/jquery.ui.widget.js]
[multiup.org/jquery-file-upload/js/tmpl.min.js]
[multiup.org/jquery-file-upload/js/jquery.iframe-transport.js]
[multiup.org/jquery-file-upload/js/jquery.fileupload.js]
[multiup.org/jquery-file-upload/js/jquery.fileupload-process.js]
[multiup.org/jquery-file-upload/js/jquery.fileupload-validate.js]
[multiup.org/jquery-file-upload/js/jquery.fileupload-ui.js]
[multiup.org/en/upload/from-computer.html]
[multiup.org/jquery-file-upload/js/main.js]
[multiup.org/en/upload/from-links.html]
[multiup.org/en/upload/from-torrent.html]
[multiup.org/assets/vendor/codemirror/lib/codemirror.css]
[multiup.org/assets/vendor/codemirror/theme/monokai.css]
[multiup.org/manager/img/presentation.gif]
[multiup.org/assets/vendor/codemirror/addon/selection/active-line.js]
[multiup.org/assets/vendor/codemirror/lib/codemirror.js]
[multiup.org/assets/vendor/codemirror/addon/edit/matchbrackets.js]
[multiup.org/assets/vendor/codemirror/mode/javascript/javascript.js]
[multiup.org/assets/vendor/codemirror/mode/xml/xml.js]
[multiup.org/assets/vendor/codemirror/mode/shell/shell.js]
[multiup.org/assets/vendor/codemirror/mode/htmlmixed/htmlmixed.js]
[multiup.org/en/upload/from-softwares.html]
[multiup.org/assets/vendor/codemirror/mode/css/css.js]
[multiup.org/en/upload/from-api.html]
[multiup.org/en/upload/supported-hosts.html]
[multiup.org/en/debrid/link.html]
[multiup.org/en/debrid/supported-hosts.html]
[multiup.org/en/premium.html]
[multiup.org/en/contact.html]
[newassets.hcaptcha.com/captcha/v1/3950fb6/hcaptcha.js]
[multiup.org/img/tutorials/disable-ublock-en.jpg]
[multiup.org/img/tutorials/disable-adblock-en.jpg]
[multiup.org/img/tutorials/explication_turbobit_1.png]
[multiup.org/en/tutorials.html]
[multiup.org/en/faq.html]
[multiup.org/en/terms-and-conditions.html]
[multiup.org/en/legal-notices.html]
[multiup.org/en/dmca.html]
[multiup.org/en/changelog4658.html]
[multiup.org/en/changelog9ba9.html]
[multiup.org/en/changelogfdb0.html]
[multiup.org/en/changelogaf4d.html]
[multiup.org/en/changelog.html]
[multiup.org/en/changelog7a72.html]
[multiup.org/favicon.png]
[multiup.org/img/affiliate/multiup-ban-116x35.png]
[multiup.org/img/affiliate/multiup-ban-200x60.png]
[multiup.org/img/affiliate/multiup-ban-300x90.png]
[multiup.org/img/affiliate/multiup-ban-1670x500.png]
[multiup.org/en/upload/iframe.html]
[multiup.org/en/affiliate.html]
[multiup.org/en/upload/iframec36c.html]
[multiup.org/en/upload/iframee543.html]
[multiup.org/en/voucher.html]
[multiup.org/en/bug-bounty.html]
[multiup.org/en/register/index.html]
[multiup.org/en/resetting/request.html]
[multiup.org/jquery-file-upload/css/jquery.fileupload.css]
[multiup.org/jquery-file-upload/img/progressbar.gif]
[multiup.org/jquery-file-upload/img/loading.gif]
[multiup.org/jquery-file-upload/css/jquery.fileupload-ui.css]
[multiup.org/jquery-file-upload/css/jquery.fileupload-noscript.css]
[multiup.org/jquery-file-upload/css/jquery.fileupload-ui-noscript.css]
[multiup.org/en/upload/chomikuja6a4.html]
[multiup.org/en/upload/chomikuj.html]
[multiup.org/assets/vendor/codemirror/lib/codemirror.css]
[multiup.org/assets/vendor/codemirror/theme/monokai.css]
[multiup.org/en/upload/chomikujb2b0.html]
[multiup.org/en/changelog4658.html]
[multiup.org/en/changelog2679.html]
[multiup.org/en/changelog9ba9.html]
[multiup.org/en/changelogfdb0.html]
[multiup.org/en/changelogc575.html]
[multiup.org/en/changelogaf4d.html]
[multiup.org/en/changelog235c.html]
[multiup.org/en/changelog6386.html]
[multiup.org/en/changelogdde8.html]
[multiup.org/en/changelog2d1e.html]
[multiup.org/en/changelog7a72.html]
[multiup.org/en/changelogbb55.html]
[multiup.org/en/upload/iframe.html]
[multiup.org/en/upload/iframec36c.html]
[multiup.org/en/upload/iframee543.html]
[multiup.org/en/upload/chomikuja6a4.html]
[multiup.org/en/upload/chomikujb2b0.html]
[multiup.org/en/changelog2679.html]
[multiup.org/en/changelogc575.html]
[multiup.org/en/changelogfdfa.html]
[multiup.org/en/changelog235c.html]
[multiup.org/en/changelog0b08.html]
[multiup.org/en/changelog6386.html]
[multiup.org/en/changelogbcc5.html]
[multiup.org/en/changelogdde8.html]
[multiup.org/en/changelog556f.html]
[multiup.org/en/changelog2d1e.html]
[multiup.org/en/changelogbb55.html]
[multiup.org/en/changelogfdfa.html]
[multiup.org/en/changelog1448.html]
[multiup.org/en/changelog0b08.html]
[multiup.org/en/changelog1c8b.html]
[multiup.org/en/changelogbcc5.html]
[multiup.org/en/changelog9213.html]
[multiup.org/en/changelog556f.html]
[multiup.org/en/changelog4f45.html]
[multiup.org/en/changelog1448.html]
[multiup.org/en/changelogce37.html]
[multiup.org/en/changelog1c8b.html]
[multiup.org/en/changelog8c93.html]
[multiup.org/en/changelog9213.html]
[multiup.org/en/changelogc693.html]
[multiup.org/en/changelog4f45.html]
[multiup.org/en/changelog50be.html]
[multiup.org/en/changelogce37.html]
[multiup.org/en/changeloga7f1.html]
[multiup.org/en/changelog8c93.html]
[multiup.org/en/changelog5760.html]
[multiup.org/en/changelogc693.html]
[multiup.org/en/changelogf84d.html]
[multiup.org/en/changelog50be.html]
[multiup.org/en/changelog0adb.html]
[multiup.org/en/changeloga7f1.html]
[multiup.org/en/changelog42a7.html]
[multiup.org/en/changelog5760.html]
[multiup.org/en/changelog5c43.html]
[multiup.org/en/changelogf84d.html]
[multiup.org/en/changelogd2ce.html]
[multiup.org/en/changelog0adb.html]
[multiup.org/en/changelog75c7.html]
[multiup.org/en/changelog42a7.html]
[multiup.org/en/changelog9683.html]
[multiup.org/en/changelog5c43.html]
[multiup.org/en/changelog7537.html]
[multiup.org/en/changelogd2ce.html]
[multiup.org/en/changelog5835.html]
[multiup.org/en/changelog75c7.html]
[multiup.org/en/changelog7083.html]
[multiup.org/en/changelog9683.html]
[multiup.org/en/changelogf62c.html]
[multiup.org/en/changelog7537.html]
[multiup.org/en/changeloge4a7.html]
[multiup.org/en/changelog5835.html]
[multiup.org/en/changelog997f.html]
[multiup.org/en/changelog7083.html]
[multiup.org/en/changelog6f72.html]
[multiup.org/en/changelogf62c.html]
[multiup.org/en/changelog3c09.html]
[multiup.org/en/changeloge4a7.html]
[multiup.org/en/changelog89ae.html]
[multiup.org/en/changelog997f.html]
[multiup.org/en/changelog80c3.html]
[multiup.org/en/changelog6f72.html]
[multiup.org/en/changelogbc8f.html]
[multiup.org/en/changelog3c09.html]
[multiup.org/en/changelog1d82.html]
[multiup.org/en/changelog89ae.html]
[multiup.org/en/changelog8c06.html]
[multiup.org/en/changelog80c3.html]
[multiup.org/en/changelog9907.html]
[multiup.org/en/changelogbc8f.html]
[multiup.org/en/changeloga1f7.html]
[multiup.org/en/changelog1d82.html]
[multiup.org/en/changelog19d2.html]
[multiup.org/en/changelog8c06.html]
[multiup.org/en/changelog2459.html]
[multiup.org/en/changelog9907.html]
[multiup.org/en/changelog0e9b.html]
[multiup.org/en/changeloga1f7.html]
[multiup.org/en/changelog61c8.html]
[multiup.org/en/changelog19d2.html]
[multiup.org/en/changeloge459.html]
[multiup.org/en/changelog2459.html]
[multiup.org/en/changelog219f.html]
[multiup.org/en/changelog0e9b.html]
[multiup.org/en/changelog2bc9.html]
[multiup.org/en/changelog61c8.html]
[multiup.org/en/changelogcccc.html]
[multiup.org/en/changeloge459.html]
[multiup.org/en/changelogb385.html]
[multiup.org/en/changelog219f.html]
[multiup.org/en/changelogdcf3.html]
[multiup.org/en/changelog2bc9.html]
[multiup.org/en/changelogdbce.html]
[multiup.org/en/changelogcccc.html]
[multiup.org/en/changelog6aff.html]
[multiup.org/en/changelogb385.html]
[multiup.org/en/changelogfa9c.html]
[multiup.org/en/changelogdcf3.html]
[multiup.org/en/changelogbd1b.html]
[multiup.org/en/changelogdbce.html]
[multiup.org/en/changelogb9f4.html]
[multiup.org/en/changelog6aff.html]
[multiup.org/en/changelog25fa.html]
[multiup.org/en/changelogfa9c.html]
[multiup.org/en/changeloge51f.html]
[multiup.org/en/changelogbd1b.html]
[multiup.org/en/changeloge24e.html]
[multiup.org/en/changelogb9f4.html]
[multiup.org/en/changelog71c9.html]
[multiup.org/en/changelog25fa.html]
[multiup.org/en/changelog291b.html]
[multiup.org/en/changeloge51f.html]
[multiup.org/en/changelog09f5.html]
[multiup.org/en/changeloge24e.html]
[multiup.org/en/changelogf497.html]
[multiup.org/en/changelog71c9.html]
[multiup.org/en/changelog1ace.html]
[multiup.org/en/changelog291b.html]
[multiup.org/en/changelog1afa.html]
[multiup.org/en/changelog09f5.html]
[multiup.org/en/changelog763c.html]
[multiup.org/en/changelogf497.html]
[multiup.org/en/changelog8b08.html]
[multiup.org/en/changelog1ace.html]
[multiup.org/en/changelogd298.html]
[multiup.org/en/changelog1afa.html]
[multiup.org/en/changelogeeed.html]
[multiup.org/en/changelog763c.html]
[multiup.org/en/changelogce8a.html]
[multiup.org/en/changelog8b08.html]
[multiup.org/en/changelog6c2f.html]
[multiup.org/en/changelogd298.html]
[multiup.org/en/changelog3119.html]
[multiup.org/en/changelogeeed.html]
[multiup.org/en/changelog3c8a.html]
[multiup.org/en/changelogce8a.html]
[multiup.org/en/changelog3963.html]
[multiup.org/en/changelog6c2f.html]
[multiup.org/en/changelog324e.html]
[multiup.org/en/changelog3119.html]
[multiup.org/en/changelogb7cd.html]
[multiup.org/en/changelog3c8a.html]
[multiup.org/en/changelogfee1.html]
[multiup.org/en/changelog3963.html]
[multiup.org/en/changelog7251.html]
[multiup.org/en/changelog324e.html]
[multiup.org/en/changelogcadd.html]
[multiup.org/en/changelogb7cd.html]
[multiup.org/en/changelog6c0b.html]
[multiup.org/en/changelogfee1.html]
[multiup.org/en/changelogb58e.html]
[multiup.org/en/changelog7251.html]
[multiup.org/en/changelog708f.html]
[multiup.org/en/changelogcadd.html]
[multiup.org/en/changelog060d.html]
[multiup.org/en/changelog6c0b.html]
[multiup.org/en/changelogcd6d.html]
[multiup.org/en/changelogb58e.html]
[multiup.org/en/changelog19bd.html]
[multiup.org/en/changelog708f.html]
[multiup.org/en/changelog89dd.html]
[multiup.org/en/changelog060d.html]
[multiup.org/en/changelog44a3.html]
[multiup.org/en/changelogcd6d.html]
[multiup.org/en/changelog5f8e.html]
[multiup.org/en/changelog19bd.html]
[multiup.org/en/changelog2815.html]
[multiup.org/en/changelog89dd.html]
[multiup.org/en/changelog02d1.html]
[multiup.org/en/changelog44a3.html]
[multiup.org/en/changelog6ee8.html]
[multiup.org/en/changelog5f8e.html]
[multiup.org/en/changelog65f1.html]
[multiup.org/en/changelog2815.html]
[multiup.org/en/changelogf631.html]
[multiup.org/en/changelog02d1.html]
[multiup.org/en/changelogbdf9.html]
[multiup.org/en/changelog6ee8.html]
[multiup.org/en/changelog4618.html]
[multiup.org/en/changelog65f1.html]
[multiup.org/en/changelog12c0.html]
[multiup.org/en/changelogf631.html]
[multiup.org/en/changelogda81.html]
[multiup.org/en/changelogbdf9.html]
[multiup.org/en/changelog3a0d.html]
[multiup.org/en/changelog4618.html]
[multiup.org/en/changeloga27b.html]
[multiup.org/en/changelog12c0.html]
[multiup.org/en/changelog62e8.html]
[multiup.org/en/changelogda81.html]
[multiup.org/en/changelog68c2.html]
[multiup.org/en/changelog3a0d.html]
[multiup.org/en/changelog96d9.html]
[multiup.org/en/changeloga27b.html]
[multiup.org/en/changelogb5a4.html]
[multiup.org/en/changelog62e8.html]
[multiup.org/en/changelogce53.html]
[multiup.org/en/changelog68c2.html]
[multiup.org/en/changelog96d9.html]
[multiup.org/en/changelogb5a4.html]
[multiup.org/en/changelogce53.html]
